// Jest Snapshot v1, https://goo.gl/fbAQLP

exports[`OIO Provider provides context props correctly 1`] = `
Object {
  "fontFamily": "sans-serif",
  "fontSize": "16px",
  "fontWeights": Object {
    "bold": "700",
    "light": "300",
    "medium": "500",
    "normal": "400",
    "semibold": "600",
  },
  "textSizeMultiplier": 1,
  "textSizeScaleRatio": 1.125,
}
`;

exports[`OIO Provider will render correctly 1`] = `
.emotion-0 {
  font-family: sans-serif;
  font-size: 16px;
}

<body>
  <div>
    <div
      class=" emotion-0"
    >
      Hello World
    </div>
  </div>
</body>
`;
